Parsed test spec with 2 sessions

starting permutation: s1_select s2_select s1_insert s2_insert s1_select s2_select
step s1_select: select * from gtt_on_commit_delete_row order by a,b;
a|b
-+-
(0 rows)

step s2_select: select * from gtt_on_commit_preserve_row order by a,b;
a|b
-+-
(0 rows)

step s1_insert: insert into gtt_on_commit_delete_row values(1, 'test1');
step s2_insert: insert into gtt_on_commit_preserve_row values(10, 'test10');
step s1_select: select * from gtt_on_commit_delete_row order by a,b;
a|b
-+-
(0 rows)

step s2_select: select * from gtt_on_commit_preserve_row order by a,b;
 a|b     
--+------
10|test10
(1 row)


starting permutation: s1_select s2_select s1_begin s2_begin s1_insert s2_insert s1_select s2_select s1_commit s2_commit s1_select s2_select
step s1_select: select * from gtt_on_commit_delete_row order by a,b;
a|b
-+-
(0 rows)

step s2_select: select * from gtt_on_commit_preserve_row order by a,b;
a|b
-+-
(0 rows)

step s1_begin: begin;
step s2_begin: begin;
step s1_insert: insert into gtt_on_commit_delete_row values(1, 'test1');
step s2_insert: insert into gtt_on_commit_preserve_row values(10, 'test10');
step s1_select: select * from gtt_on_commit_delete_row order by a,b;
a|b    
-+-----
1|test1
(1 row)

step s2_select: select * from gtt_on_commit_preserve_row order by a,b;
 a|b     
--+------
10|test10
(1 row)

step s1_commit: commit;
step s2_commit: commit;
step s1_select: select * from gtt_on_commit_delete_row order by a,b;
a|b
-+-
(0 rows)

step s2_select: select * from gtt_on_commit_preserve_row order by a,b;
 a|b     
--+------
10|test10
(1 row)


starting permutation: s1_select s2_select s1_begin s2_begin s1_insert s2_insert s1_select s2_select s1_rollback s2_rollback s1_select s2_select
step s1_select: select * from gtt_on_commit_delete_row order by a,b;
a|b
-+-
(0 rows)

step s2_select: select * from gtt_on_commit_preserve_row order by a,b;
a|b
-+-
(0 rows)

step s1_begin: begin;
step s2_begin: begin;
step s1_insert: insert into gtt_on_commit_delete_row values(1, 'test1');
step s2_insert: insert into gtt_on_commit_preserve_row values(10, 'test10');
step s1_select: select * from gtt_on_commit_delete_row order by a,b;
a|b    
-+-----
1|test1
(1 row)

step s2_select: select * from gtt_on_commit_preserve_row order by a,b;
 a|b     
--+------
10|test10
(1 row)

step s1_rollback: rollback;
step s2_rollback: rollback;
step s1_select: select * from gtt_on_commit_delete_row order by a,b;
a|b
-+-
(0 rows)

step s2_select: select * from gtt_on_commit_preserve_row order by a,b;
a|b
-+-
(0 rows)

