-- Tests for TOAST compression with lz4
SELECT NOT(enumvals @> '{lz4}') AS skip_test FROM pg_settings WHERE
  name = 'default_toast_compression' \gset
\if :skip_test
   \echo '*** skipping TOAST tests with lz4 (not supported) ***'
   \quit
\endif
CREATE SCHEMA lz4;
SET search_path TO lz4, public;
\set HIDE_TOAST_COMPRESSION false
-- Ensure we get stable results regardless of the installation's default.
-- We rely on this GUC value for a few tests.
SET default_toast_compression = 'pglz';
-- test creating table with compression method
CREATE TABLE cmdata_pglz(f1 text COMPRESSION pglz);
CREATE INDEX idx ON cmdata_pglz(f1);
INSERT INTO cmdata_pglz VALUES(repeat('1234567890', 1000));
\d+ cmdata
CREATE TABLE cmdata_lz4(f1 TEXT COMPRESSION lz4);
INSERT INTO cmdata_lz4 VALUES(repeat('1234567890', 1004));
\d+ cmdata1
-- verify stored compression method in the data
SELECT pg_column_compression(f1) FROM cmdata_lz4;
 pg_column_compression 
-----------------------
 lz4
(1 row)

-- decompress data slice
SELECT SUBSTR(f1, 200, 5) FROM cmdata_pglz;
 substr 
--------
 01234
(1 row)

SELECT SUBSTR(f1, 2000, 50) FROM cmdata_lz4;
                       substr                       
----------------------------------------------------
 01234567890123456789012345678901234567890123456789
(1 row)

-- copy with table creation
SELECT * INTO cmmove1 FROM cmdata_lz4;
\d+ cmmove1
                                         Table "lz4.cmmove1"
 Column | Type | Collation | Nullable | Default | Storage  | Compression | Stats target | Description 
--------+------+-----------+----------+---------+----------+-------------+--------------+-------------
 f1     | text |           |          |         | extended |             |              | 

SELECT pg_column_compression(f1) FROM cmmove1;
 pg_column_compression 
-----------------------
 lz4
(1 row)

-- test LIKE INCLUDING COMPRESSION.  The GUC default_toast_compression
-- has no effect, the compression method from the table being copied.
CREATE TABLE cmdata2 (LIKE cmdata_lz4 INCLUDING COMPRESSION);
\d+ cmdata2
                                         Table "lz4.cmdata2"
 Column | Type | Collation | Nullable | Default | Storage  | Compression | Stats target | Description 
--------+------+-----------+----------+---------+----------+-------------+--------------+-------------
 f1     | text |           |          |         | extended | lz4         |              | 

DROP TABLE cmdata2;
-- copy to existing table
CREATE TABLE cmmove3(f1 text COMPRESSION pglz);
INSERT INTO cmmove3 SELECT * FROM cmdata_pglz;
INSERT INTO cmmove3 SELECT * FROM cmdata_lz4;
SELECT pg_column_compression(f1) FROM cmmove3;
 pg_column_compression 
-----------------------
 pglz
 lz4
(2 rows)

-- update using datum from different table with LZ4 data.
CREATE TABLE cmmove2(f1 text COMPRESSION pglz);
INSERT INTO cmmove2 VALUES (repeat('1234567890', 1004));
SELECT pg_column_compression(f1) FROM cmmove2;
 pg_column_compression 
-----------------------
 pglz
(1 row)

UPDATE cmmove2 SET f1 = cmdata_lz4.f1 FROM cmdata_lz4;
SELECT pg_column_compression(f1) FROM cmmove2;
 pg_column_compression 
-----------------------
 lz4
(1 row)

-- test externally stored compressed data
CREATE OR REPLACE FUNCTION large_val_lz4() RETURNS TEXT LANGUAGE SQL AS
'select array_agg(fipshash(g::text))::text from generate_series(1, 256) g';
CREATE TABLE cmdata2 (f1 text COMPRESSION lz4);
INSERT INTO cmdata2 SELECT large_val_lz4() || repeat('a', 4000);
SELECT pg_column_compression(f1) FROM cmdata2;
 pg_column_compression 
-----------------------
 lz4
(1 row)

SELECT SUBSTR(f1, 200, 5) FROM cmdata2;
 substr 
--------
 79026
(1 row)

DROP TABLE cmdata2;
DROP FUNCTION large_val_lz4;
-- test compression with materialized view
CREATE MATERIALIZED VIEW compressmv(x) AS SELECT * FROM cmdata_lz4;
\d+ compressmv
                                  Materialized view "lz4.compressmv"
 Column | Type | Collation | Nullable | Default | Storage  | Compression | Stats target | Description 
--------+------+-----------+----------+---------+----------+-------------+--------------+-------------
 x      | text |           |          |         | extended |             |              | 
View definition:
 SELECT f1 AS x
   FROM cmdata_lz4;

SELECT pg_column_compression(f1) FROM cmdata_lz4;
 pg_column_compression 
-----------------------
 lz4
(1 row)

SELECT pg_column_compression(x) FROM compressmv;
 pg_column_compression 
-----------------------
 lz4
(1 row)

-- test compression with partition
CREATE TABLE cmpart(f1 text COMPRESSION lz4) PARTITION BY HASH(f1);
CREATE TABLE cmpart1 PARTITION OF cmpart FOR VALUES WITH (MODULUS 2, REMAINDER 0);
CREATE TABLE cmpart2(f1 text COMPRESSION pglz);
ALTER TABLE cmpart ATTACH PARTITION cmpart2 FOR VALUES WITH (MODULUS 2, REMAINDER 1);
INSERT INTO cmpart VALUES (repeat('123456789', 1004));
INSERT INTO cmpart VALUES (repeat('123456789', 4004));
SELECT pg_column_compression(f1) FROM cmpart1;
 pg_column_compression 
-----------------------
 lz4
(1 row)

SELECT pg_column_compression(f1) FROM cmpart2;
 pg_column_compression 
-----------------------
 pglz
(1 row)

-- test compression with inheritance
CREATE TABLE cminh() INHERITS(cmdata_pglz, cmdata_lz4); -- error
NOTICE:  merging multiple inherited definitions of column "f1"
ERROR:  column "f1" has a compression method conflict
DETAIL:  pglz versus lz4
CREATE TABLE cminh(f1 TEXT COMPRESSION lz4) INHERITS(cmdata_pglz); -- error
NOTICE:  merging column "f1" with inherited definition
ERROR:  column "f1" has a compression method conflict
DETAIL:  pglz versus lz4
CREATE TABLE cmdata3(f1 text);
CREATE TABLE cminh() INHERITS (cmdata_pglz, cmdata3);
NOTICE:  merging multiple inherited definitions of column "f1"
-- test default_toast_compression GUC
SET default_toast_compression = 'lz4';
-- test alter compression method
ALTER TABLE cmdata_pglz ALTER COLUMN f1 SET COMPRESSION lz4;
INSERT INTO cmdata_pglz VALUES (repeat('123456789', 4004));
\d+ cmdata
SELECT pg_column_compression(f1) FROM cmdata_pglz;
 pg_column_compression 
-----------------------
 pglz
 lz4
(2 rows)

ALTER TABLE cmdata_pglz ALTER COLUMN f1 SET COMPRESSION pglz;
-- test alter compression method for materialized views
ALTER MATERIALIZED VIEW compressmv ALTER COLUMN x SET COMPRESSION lz4;
\d+ compressmv
                                  Materialized view "lz4.compressmv"
 Column | Type | Collation | Nullable | Default | Storage  | Compression | Stats target | Description 
--------+------+-----------+----------+---------+----------+-------------+--------------+-------------
 x      | text |           |          |         | extended | lz4         |              | 
View definition:
 SELECT f1 AS x
   FROM cmdata_lz4;

-- test alter compression method for partitioned tables
ALTER TABLE cmpart1 ALTER COLUMN f1 SET COMPRESSION pglz;
ALTER TABLE cmpart2 ALTER COLUMN f1 SET COMPRESSION lz4;
-- new data should be compressed with the current compression method
INSERT INTO cmpart VALUES (repeat('123456789', 1004));
INSERT INTO cmpart VALUES (repeat('123456789', 4004));
SELECT pg_column_compression(f1) FROM cmpart1;
 pg_column_compression 
-----------------------
 lz4
 pglz
(2 rows)

SELECT pg_column_compression(f1) FROM cmpart2;
 pg_column_compression 
-----------------------
 pglz
 lz4
(2 rows)

-- test expression index
CREATE TABLE cmdata2 (f1 TEXT COMPRESSION pglz, f2 TEXT COMPRESSION lz4);
CREATE UNIQUE INDEX idx1 ON cmdata2 ((f1 || f2));
INSERT INTO cmdata2 VALUES((SELECT array_agg(fipshash(g::TEXT))::TEXT FROM
generate_series(1, 50) g), VERSION());
-- check data is ok
SELECT length(f1) FROM cmdata_pglz;
 length 
--------
  10000
  36036
(2 rows)

SELECT length(f1) FROM cmdata_lz4;
 length 
--------
  10040
(1 row)

SELECT length(f1) FROM cmmove1;
 length 
--------
  10040
(1 row)

SELECT length(f1) FROM cmmove2;
 length 
--------
  10040
(1 row)

SELECT length(f1) FROM cmmove3;
 length 
--------
  10000
  10040
(2 rows)

\set HIDE_TOAST_COMPRESSION true
